C:\xampp\htdocs>git --version
git version 2.41.0.windows.2

C:\xampp\htdocs>git config --global user.name "rendrikson neves"

C:\xampp\htdocs>git config --global user.email "rendriksonneves@gmail.com"

C:\xampp\htdocs>md teste -git

C:\xampp\htdocs>cd teste -git
O sistema não pode encontrar o caminho especificado.

C:\xampp\htdocs>md teste-git

C:\xampp\htdocs>cd teste-git

C:\xampp\htdocs\teste-git>git init
Initialized empty Git repository in C:/xampp/htdocs/teste-git/.git/

C:\xampp\htdocs\teste-git>dir
 O volume na unidade C não tem nome.
 O Número de Série do Volume é 2CDF-86C2

 Pasta de C:\xampp\htdocs\teste-git

28/07/2023  07:28    <DIR>          .
28/07/2023  07:28    <DIR>          ..
               0 arquivo(s)              0 bytes
               2 pasta(s)   24.663.474.176 bytes disponíveis

C:\xampp\htdocs\teste-git>code .

C:\xampp\htdocs\teste-git>dir
 O volume na unidade C não tem nome.
 O Número de Série do Volume é 2CDF-86C2

 Pasta de C:\xampp\htdocs\teste-git

28/07/2023  07:31    <DIR>          .
28/07/2023  07:31    <DIR>          ..
28/07/2023  07:31                15 lista.txt
               1 arquivo(s)             15 bytes
               2 pasta(s)   24.598.151.168 bytes disponíveis

C:\xampp\htdocs\teste-git>git add lista.txt

C:\xampp\htdocs\teste-git>git status
On branch master

No commits yet

Changes to be committed:
  (use "git rm --cached <file>..." to unstage)
        new file:   lista.txt


C:\xampp\htdocs\teste-git>git commit -m "Primeiro commit"
[master (root-commit) 2bab71c] Primeiro commit
 1 file changed, 2 insertions(+)
 create mode 100644 lista.txt

C:\xampp\htdocs\teste-git>git status
On branch master
Changes not staged for commit:
  (use "git add <file>..." to update what will be committed)
  (use "git restore <file>..." to discard changes in working directory)
        modified:   lista.txt

Untracked files:
  (use "git add <file>..." to include in what will be committed)
        Aula1

no changes added to commit (use "git add" and/or "git commit -a")

C:\xampp\htdocs\teste-git>git add lista.txt

C:\xampp\htdocs\teste-git>git status
On branch master
Changes to be committed:
  (use "git restore --staged <file>..." to unstage)
        modified:   lista.txt

Untracked files:
  (use "git add <file>..." to include in what will be committed)
        Aula1


C:\xampp\htdocs\teste-git>git commit -m "Incluído Arroz e Feijão"
[master b2d0c18] Incluído Arroz e Feijão
 1 file changed, 3 insertions(+), 1 deletion(-)

C:\xampp\htdocs\teste-git>git status
On branch master
Untracked files:
  (use "git add <file>..." to include in what will be committed)
        Aula1

nothing added to commit but untracked files present (use "git add" to track)

C:\xampp\htdocs\teste-git>git add Aula1.txt
fatal: pathspec 'Aula1.txt' did not match any files

C:\xampp\htdocs\teste-git>git commit -m "Adicionado Aula1"
On branch master
Untracked files:
  (use "git add <file>..." to include in what will be committed)
        Aula1

nothing added to commit but untracked files present (use "git add" to track)

C:\xampp\htdocs\teste-git>git status
On branch master
Untracked files:
  (use "git add <file>..." to include in what will be committed)
        Aula1

nothing added to commit but untracked files present (use "git add" to track)

C:\xampp\htdocs\teste-git>git add Aula1.txt

C:\xampp\htdocs\teste-git>git commit -m "Adicionado Aula1"
[master ea1e230] Adicionado Aula1
 1 file changed, 1 insertion(+)
 create mode 100644 Aula1.txt

C:\xampp\htdocs\teste-git>git status
On branch master
nothing to commit, working tree clean

C:\xampp\htdocs\teste-git>
