Microsoft Windows [versão 10.0.19045.3208]
(c) Microsoft Corporation. Todos os direitos reservados.

C:\xampp\htdocs>git --version
git version 2.41.0.windows.2

C:\xampp\htdocs>git config --global user.name "rendrikson neves"

C:\xampp\htdocs>git config --global user.email "rendriksonneves@gmail.com"

C:\xampp\htdocs>md teste -git

C:\xampp\htdocs>cd teste -git
O sistema não pode encontrar o caminho especificado.

C:\xampp\htdocs>md teste-git

C:\xampp\htdocs>cd teste-git

C:\xampp\htdocs\teste-git>git init
Initialized empty Git repository in C:/xampp/htdocs/teste-git/.git/

C:\xampp\htdocs\teste-git>dir
 O volume na unidade C não tem nome.
 O Número de Série do Volume é 2CDF-86C2

 Pasta de C:\xampp\htdocs\teste-git

28/07/2023  07:28    <DIR>          .
28/07/2023  07:28    <DIR>          ..
               0 arquivo(s)              0 bytes
               2 pasta(s)   24.663.474.176 bytes disponíveis

C:\xampp\htdocs\teste-git>code .

C:\xampp\htdocs\teste-git>dir
 O volume na unidade C não tem nome.
 O Número de Série do Volume é 2CDF-86C2

 Pasta de C:\xampp\htdocs\teste-git

28/07/2023  07:31    <DIR>          .
28/07/2023  07:31    <DIR>          ..
28/07/2023  07:31                15 lista.txt
               1 arquivo(s)             15 bytes
               2 pasta(s)   24.598.151.168 bytes disponíveis

C:\xampp\htdocs\teste-git>git add lista.txt

C:\xampp\htdocs\teste-git>git status
On branch master

No commits yet

Changes to be committed:
  (use "git rm --cached <file>..." to unstage)
        new file:   lista.txt


C:\xampp\htdocs\teste-git>git commit -m "Primeiro commit"
[master (root-commit) 2bab71c] Primeiro commit
 1 file changed, 2 insertions(+)
 create mode 100644 lista.txt

C:\xampp\htdocs\teste-git>git status
On branch master
Changes not staged for commit:
  (use "git add <file>..." to update what will be committed)
  (use "git restore <file>..." to discard changes in working directory)
        modified:   lista.txt

Untracked files:
  (use "git add <file>..." to include in what will be committed)
        Aula1

no changes added to commit (use "git add" and/or "git commit -a")

C:\xampp\htdocs\teste-git>git add lista.txt

C:\xampp\htdocs\teste-git>git status
On branch master
Changes to be committed:
  (use "git restore --staged <file>..." to unstage)
        modified:   lista.txt

Untracked files:
  (use "git add <file>..." to include in what will be committed)
        Aula1


C:\xampp\htdocs\teste-git>git commit -m "Incluído Arroz e Feijão"
[master b2d0c18] Incluído Arroz e Feijão
 1 file changed, 3 insertions(+), 1 deletion(-)

C:\xampp\htdocs\teste-git>git status
On branch master
Untracked files:
  (use "git add <file>..." to include in what will be committed)
        Aula1

nothing added to commit but untracked files present (use "git add" to track)

C:\xampp\htdocs\teste-git>git add Aula1.txt
fatal: pathspec 'Aula1.txt' did not match any files

C:\xampp\htdocs\teste-git>git commit -m "Adicionado Aula1"
On branch master
Untracked files:
  (use "git add <file>..." to include in what will be committed)
        Aula1

nothing added to commit but untracked files present (use "git add" to track)

C:\xampp\htdocs\teste-git>git status
On branch master
Untracked files:
  (use "git add <file>..." to include in what will be committed)
        Aula1

nothing added to commit but untracked files present (use "git add" to track)

C:\xampp\htdocs\teste-git>git add Aula1.txt

C:\xampp\htdocs\teste-git>git commit -m "Adicionado Aula1"
[master ea1e230] Adicionado Aula1
 1 file changed, 1 insertion(+)
 create mode 100644 Aula1.txt

C:\xampp\htdocs\teste-git>git status
On branch master
nothing to commit, working tree clean

C:\xampp\htdocs\teste-git>git log
commit ea1e230cf40c1d9f0419e8077de529799c535252 (HEAD -> master)
Author: rendrikson neves <rendriksonneves@gmail.com>
Date:   Fri Jul 28 07:49:36 2023 -0300

    Adicionado Aula1

commit b2d0c182f1e7821272564af90aa941d671831157
Author: rendrikson neves <rendriksonneves@gmail.com>
Date:   Fri Jul 28 07:44:47 2023 -0300

    Incluído Arroz e Feijão

commit 2bab71c34cd9de89b8e710f6f0752f6cec57d4c8
Author: rendrikson neves <rendriksonneves@gmail.com>
Date:   Fri Jul 28 07:40:55 2023 -0300

    Primeiro commit

C:\xampp\htdocs\teste-git>git branch
* master

C:\xampp\htdocs\teste-git>git branch teste

C:\xampp\htdocs\teste-git>git branch
* master
  teste

C:\xampp\htdocs\teste-git>git checkout teste
Switched to branch 'teste'
M       Aula1.txt

C:\xampp\htdocs\teste-git>git branch
  master
* teste

C:\xampp\htdocs\teste-git>git add .

C:\xampp\htdocs\teste-git>git commit -m "Commit Teste"
[teste 3306073] Commit Teste
 2 files changed, 133 insertions(+), 2 deletions(-)

C:\xampp\htdocs\teste-git>git status
On branch teste
nothing to commit, working tree clean

C:\xampp\htdocs\teste-git>git checkout master
Switched to branch 'master'

C:\xampp\htdocs\teste-git>git branch
* master
  teste

C:\xampp\htdocs\teste-git>git merge
fatal: No remote for the current branch.

C:\xampp\htdocs\teste-git>git merge teste
Updating ea1e230..3306073
Fast-forward
 Aula1.txt | 131 +++++++++++++++++++++++++++++++++++++++++++++++++++++++++++++-
 lista.txt |   4 +-
 2 files changed, 133 insertions(+), 2 deletions(-)

C:\xampp\htdocs\teste-git>git log
commit 33060736b15e57d547f7dadc502940d6486f6aad (HEAD -> master, teste)
Author: rendrikson neves <rendriksonneves@gmail.com>
Date:   Fri Jul 28 08:09:34 2023 -0300

    Commit Teste

commit ea1e230cf40c1d9f0419e8077de529799c535252
Author: rendrikson neves <rendriksonneves@gmail.com>
Date:   Fri Jul 28 07:49:36 2023 -0300

    Adicionado Aula1

commit b2d0c182f1e7821272564af90aa941d671831157
Author: rendrikson neves <rendriksonneves@gmail.com>
Date:   Fri Jul 28 07:44:47 2023 -0300

    Incluído Arroz e Feijão

commit 2bab71c34cd9de89b8e710f6f0752f6cec57d4c8
Author: rendrikson neves <rendriksonneves@gmail.com>
Date:   Fri Jul 28 07:40:55 2023 -0300

    Primeiro commit

C:\xampp\htdocs\teste-git>git add remote "https://github.com/rendrikson-neves/AcademiaIndiana.git"
fatal: pathspec 'remote' did not match any files

C:\xampp\htdocs\teste-git>git remote add origin "https://github.com/rendrikson-neves/AcademiaIndiana.git"

C:\xampp\htdocs\teste-git>git remote add origin https://github.com/rendrikson-neves/AcademiaIndiana.git
error: remote origin already exists.

C:\xampp\htdocs\teste-git>git status
On branch master
Changes not staged for commit:
  (use "git add <file>..." to update what will be committed)
  (use "git restore <file>..." to discard changes in working directory)
        modified:   Aula1.txt

no changes added to commit (use "git add" and/or "git commit -a")

C:\xampp\htdocs\teste-git>git add .

C:\xampp\htdocs\teste-git>git commit -m "Aula1 Alterada"
[master a81b390] Aula1 Alterada
 1 file changed, 68 insertions(+)

C:\xampp\htdocs\teste-git>git push -u origin master

C:\xampp\htdocs\teste-git>git pull origin master